node.exe :  ΓÜá `devIndicators.appIsrStatus` is deprecated and no longer configurable. Please remove it from 
next.config.ts.
At C:\Program Files\nodejs\npx.ps1:29 char:3
+   & $NODE_EXE $NPX_CLI_JS $args
+   ~~~~~~~~~~~~~~~~~~~~~~~~~~~~~
    + CategoryInfo          : NotSpecified: ( ΓÜá `devIndica...next.config.ts.:String) [], RemoteException
    + FullyQualifiedErrorId : NativeCommandError
 
 ΓÜá `devIndicators.buildActivity` is deprecated and no longer configurable. Please remove it from next.config.ts.
 ΓÜá Invalid next.config.ts options detected: 
 ΓÜá     Unrecognized key(s) in object: 'outputFileTracingIncludes' at "experimental"
 ΓÜá See more info here: https://nextjs.org/docs/messages/invalid-next-config
 ΓÜá `experimental.outputFileTracingIncludes` has been moved to `outputFileTracingIncludes`. Please update your 
next.config.ts file accordingly.
   Γû▓ Next.js 15.5.18 (Turbopack)
   - Environments: .env
   - Experiments (use with caution):
     ┬╖ outputFileTracingIncludes

   Creating an optimized production build ...
 ΓÜá Webpack is configured while Turbopack is not, which may cause problems.
 ΓÜá See instructions if you need to configure Turbopack:
  https://nextjs.org/docs/app/api-reference/next-config-js/turbopack

 Γ£ô Finished writing to disk in 1459ms
 Γ£ô Compiled successfully in 8.3s
   Skipping validation of types
   Skipping linting
   Collecting page data ...
   Generating static pages (0/27) ...
   Generating static pages (6/27) 
   Generating static pages (13/27) 
   Generating static pages (20/27) 
 Γ£ô Generating static pages (27/27)
   Finalizing page optimization ...
   Collecting build traces ...

Route (app)                                 Size  First Load JS
Γöî ╞Æ /                                        0 B         117 kB
Γö£ Γùï /_not-found                              0 B         117 kB
Γö£ Γùï /admin/catalog                       1.27 kB         119 kB
Γö£ ╞Æ /api/auth/google                         0 B            0 B
Γö£ ╞Æ /api/auth/login                          0 B            0 B
Γö£ ╞Æ /api/auth/logout                         0 B            0 B
Γö£ ╞Æ /api/catalog                             0 B            0 B
Γö£ ╞Æ /api/cleantech/products                  0 B            0 B
Γö£ ╞Æ /api/cleantech/products/[id]             0 B            0 B
Γö£ ╞Æ /api/invoice-databases                   0 B            0 B
Γö£ ╞Æ /api/invoice-databases/[id]              0 B            0 B
Γö£ ╞Æ /api/invoice-databases/upload            0 B            0 B
Γö£ ╞Æ /api/invoice-products                    0 B            0 B
Γö£ ╞Æ /api/invoice-products/[id]               0 B            0 B
Γö£ ╞Æ /api/invoices                            0 B            0 B
Γö£ ╞Æ /api/invoices/[id]                       0 B            0 B
Γö£ ╞Æ /api/invoices/[id]/pdf                   0 B            0 B
Γö£ ╞Æ /api/invoices/[id]/word                  0 B            0 B
Γö£ ╞Æ /api/products                            0 B            0 B
Γö£ ╞Æ /api/products/[id]                       0 B            0 B
Γö£ ╞Æ /api/quotations                          0 B            0 B
Γö£ ╞Æ /api/quotations/[id]                     0 B            0 B
Γö£ ╞Æ /api/quotations/[id]/docx                0 B            0 B
Γö£ ╞Æ /api/quotations/[id]/pdf                 0 B            0 B
Γö£ ╞Æ /api/quotations/[id]/preview             0 B            0 B
Γö£ ╞Æ /api/upload                              0 B            0 B
Γö£ Γùï /dashboard/invoices                  5.15 kB         123 kB
Γö£ Γùï /dashboard/invoices/databases        4.96 kB         122 kB
Γö£ ╞Æ /dashboard/invoices/duplicate/[id]   7.93 kB         125 kB
Γö£ ╞Æ /dashboard/invoices/edit/[id]        7.93 kB         125 kB
Γö£ Γùï /dashboard/invoices/new               1.5 kB         119 kB
Γö£ ╞Æ /dashboard/invoices/preview/[id]      2.7 kB         120 kB
Γö£ ╞Æ /dev/mr-preview                          0 B         117 kB
Γö£ ╞Æ /dev/mr-preview/docx                     0 B            0 B
Γö£ ╞Æ /dev/mr-preview/pdf                      0 B            0 B
Γö£ Γùï /history                             1.75 kB         119 kB
Γö£ ╞Æ /login                               1.64 kB         119 kB
Γö£ Γùï /profile                               782 B         118 kB
Γö£ Γùï /quotation-types                     54.9 kB         172 kB
Γö£ ╞Æ /quotations/klean-tech/[id]/edit      129 kB         247 kB
Γö£ ╞Æ /quotations/klean-tech/[id]/success  4.27 kB         122 kB
Γö£ Γùï /quotations/klean-tech/new           1.49 kB         119 kB
Γöö Γùï /quotations/mr-swimming-pools/new    1.66 kB         119 kB
+ First Load JS shared by all             121 kB
  Γö£ chunks/3b6b2abbcd7a158f.js           59.2 kB
  Γö£ chunks/8082ab48faca5ea1.js           17.2 kB
  Γö£ chunks/de9777518f2b49c4.js           13.4 kB
  Γöö other shared chunks (total)          31.6 kB


╞Æ Middleware                             45.3 kB

Γùï  (Static)   prerendered as static content
╞Æ  (Dynamic)  server-rendered on demand

